namespace NServiceBus
{
    public class RavenGatewayDeduplicationConfiguration : NServiceBus.Gateway.GatewayDeduplicationConfiguration
    {
        public RavenGatewayDeduplicationConfiguration(System.Func<System.IServiceProvider, NServiceBus.Settings.ReadOnlySettings, Raven.Client.Documents.IDocumentStore> documentStoreFactory) { }
        public System.TimeSpan DeduplicationDataTimeToLive { get; set; }
        public long FrequencyToRunDeduplicationDataCleanup { get; set; }
        public override NServiceBus.Gateway.IGatewayDeduplicationStorage CreateStorage(System.IServiceProvider builder) { }
        public override void Setup(NServiceBus.Settings.ReadOnlySettings settings) { }
    }
}